// Jest Snapshot v1, https://goo.gl/fbAQLP

exports[`<Breadcrumb /> renders correctly 1`] = `
<div
  aria-label="You are at:"
  className="constrained mh-auto ph-6"
>
  <div
    className="trail mb-4"
  >
    <button
      className="button-tertiary bg-white hover-bg-blue-mid"
    >
      England
    </button>
    <span
      className="trail-item"
      key="breadcrumb-page 1"
    >
      page 1
    </span>
    <span
      className="trail-item"
      key="breadcrumb-page 2"
    >
      page 2
    </span>
  </div>
</div>
`;
